[all]
t6 ansible_host=192.168.2.193 hostname=t6.lan firewall_script=templates/firewalls/t6.sh nfs_mounts='[{"mount": "/nfs", "svr_path": "192.168.2.173:/edge-data", "fstype": "nfs4" }]' 
opi ansible_host=192.168.2.147 hostname=opi.lan firewall_script=templates/firewalls/opi.sh 
opi2 ansible_host=192.168.2.173 hostname=opi2.lan firewall_script=templates/firewalls/opi2.sh
edge ansible_host=192.168.2.242 hostname=edge.lan firewall_script=templates/firewalls/edge2.sh

[desktops]
#t6
edge

#[kodi]
#t6 kodi_flatpak=yes

[wazuh_manager]
opi

# disabled now that service is running, we dont want to "clean slate" it for now...
#[mosquitto]
#opi2

[lg]

[mosquitto:vars]
mosquitto_additional_clients='["hplappie.lan", "firewall.lan", "t6.lan", "opi.lan", "rock5b-plus.lan", "woodend.lan"]'
mosquitto_fqdn=opi2.lan 
tls_cert_days=3650 
tls_ca_days=3650 

[all:vars]
ansible_ssh_user=acas
timezone=UTC
normal_user=acas
#user_ssh_authorized_key=
#ssh_fs_mount_directory: <SSHFS directory to mount, ex: /mnt/shared> #Use by sshfs role
#ssh_fs_mount_connection: <SSHFS connection, ex: user@host:/your/directory/shared> #Used by sshfs role
#lgtv_configuration: <if you want to control your lgtv remotely, ex: '{"MyTV": {"key": "xxxxxxxxxxxxxxxxxx", "mac": "xx:xx:xx:xx:xx:xx", "ip": "192.168.N.N", "hostname": "192.168.N.N"}}'
extra_software=["vim", "armbian-config", "dnsutils", "bind9-host", "net-tools", "nvme-cli"]
ip_forwarding=no
ipv6=yes
